Traceback (most recent call last):
  File "D:\KULIAH\TUGAS-TUGAS\SEMESTER 7\PPW\PPW\ppw\Lib\site-packages\nbclient\client.py", line 782, in _async_poll_for_reply
    msg = await ensure_async(self.kc.shell_channel.get_msg(timeout=new_timeout))
          ^^^^^^^^^^^^^^^^^^^^^^^^^^^^^^^^^^^^^^^^^^^^^^^^^^^^^^^^^^^^^^^^^^^^^^
  File "D:\KULIAH\TUGAS-TUGAS\SEMESTER 7\PPW\PPW\ppw\Lib\site-packages\jupyter_core\utils\__init__.py", line 214, in ensure_async
    result = await obj
             ^^^^^^^^^
  File "D:\KULIAH\TUGAS-TUGAS\SEMESTER 7\PPW\PPW\ppw\Lib\site-packages\jupyter_client\channels.py", line 330, in get_msg
    raise Empty
_queue.Empty

During handling of the above exception, another exception occurred:

Traceback (most recent call last):
  File "D:\KULIAH\TUGAS-TUGAS\SEMESTER 7\PPW\PPW\ppw\Lib\site-packages\jupyter_cache\executors\utils.py", line 58, in single_nb_execution
    executenb(
  File "D:\KULIAH\TUGAS-TUGAS\SEMESTER 7\PPW\PPW\ppw\Lib\site-packages\nbclient\client.py", line 1323, in execute
    return NotebookClient(nb=nb, resources=resources, km=km, **kwargs).execute()
           ^^^^^^^^^^^^^^^^^^^^^^^^^^^^^^^^^^^^^^^^^^^^^^^^^^^^^^^^^^^^^^^^^^^^^
  File "D:\KULIAH\TUGAS-TUGAS\SEMESTER 7\PPW\PPW\ppw\Lib\site-packages\jupyter_core\utils\__init__.py", line 165, in wrapped
    return loop.run_until_complete(inner)
           ^^^^^^^^^^^^^^^^^^^^^^^^^^^^^^
  File "C:\Program Files\Python312\Lib\asyncio\base_events.py", line 687, in run_until_complete
    return future.result()
           ^^^^^^^^^^^^^^^
  File "D:\KULIAH\TUGAS-TUGAS\SEMESTER 7\PPW\PPW\ppw\Lib\site-packages\nbclient\client.py", line 709, in async_execute
    await self.async_execute_cell(
  File "D:\KULIAH\TUGAS-TUGAS\SEMESTER 7\PPW\PPW\ppw\Lib\site-packages\nbclient\client.py", line 1005, in async_execute_cell
    exec_reply = await self.task_poll_for_reply
                 ^^^^^^^^^^^^^^^^^^^^^^^^^^^^^^
  File "D:\KULIAH\TUGAS-TUGAS\SEMESTER 7\PPW\PPW\ppw\Lib\site-packages\nbclient\client.py", line 806, in _async_poll_for_reply
    error_on_timeout_execute_reply = await self._async_handle_timeout(timeout, cell)
                                     ^^^^^^^^^^^^^^^^^^^^^^^^^^^^^^^^^^^^^^^^^^^^^^^
  File "D:\KULIAH\TUGAS-TUGAS\SEMESTER 7\PPW\PPW\ppw\Lib\site-packages\nbclient\client.py", line 856, in _async_handle_timeout
    raise CellTimeoutError.error_from_timeout_and_cell(
nbclient.exceptions.CellTimeoutError: A cell timed out while it was being executed, after 30 seconds.
The message was: Cell execution timed out.
Here is a preview of the cell contents:
-------------------
['import trafilatura', 'import requests', 'from bs4 import BeautifulSoup', 'import pandas as pd', 'import time']
...
['df = pd.DataFrame(data_hasil)', '', "# 4. Tambahkan kolom panjang karakter dengan perlindungan fillna('') agar terhindar dari TypeError", "df['title_length'] = df['title'].fillna('').astype(str).apply(len)", "df['text_length'] = df['text'].fillna('').astype(str).apply(len)"]
-------------------

